============================================================
DevOps + ML tools installation started: 2026-05-06T00:00:06+02:00
============================================================
Docker is already installed: Docker version 29.4.2, build 055a478
Python is already >= 3.9: Python 3.12.3
pip is already installed: pip 26.1.1 from /home/nick/Projects/pytorch-image-classifier/venv/lib/python3.12/site-packages/pip (python 3.12)
Requirement already satisfied: pip in ./venv/lib/python3.12/site-packages (26.1.1)
Python package is already installed: torch
Python package is already installed: torchvision
Python package is already installed: Pillow
Python package is already installed: Django
All required Python packages are already installed.
---------------- Versions ----------------
Docker version 29.4.2, build 055a478
Docker Compose version v5.1.3
Python 3.12.3
pip 26.1.1 from /home/nick/Projects/pytorch-image-classifier/venv/lib/python3.12/site-packages/pip (python 3.12)
Django: 6.0.5
torch: 2.11.0+cu130
torchvision: 0.26.0+cu130
Pillow: 12.2.0
------------------------------------------
Installation finished: 2026-05-06T00:00:09+02:00
Log saved to: install.log
